MySQL Shell 8.0.32

Copyright (c) 2016, 2023, Oracle and/or its affiliates.
Oracle is a registered trademark of Oracle Corporation and/or its affiliates.
Other names may be trademarks of their respective owners.

Type '\help' or '\?' for help; '\quit' to exit.
 MySQL  JS > \sql
Switching to SQL mode... Commands end with ;
 MySQL  SQL > \connect --mc root@localhost
Creating a Classic session to 'root@localhost'
Please provide the password for 'root@localhost': ****
Save password for 'root@localhost'? [Y]es/[N]o/Ne[v]er (default No): n
Fetching global names for auto-completion... Press ^C to stop.
Your MySQL connection id is 8
Server version: 8.0.32 MySQL Community Server - GPL
No default schema selected; type \use <schema> to set one.
 MySQL  localhost:3306 ssl  SQL > create database Hospital;
Query OK, 1 row affected (0.0052 sec)
 MySQL  localhost:3306 ssl  SQL > \use hospital
Default schema set to `hospital`.
Fetching global names, object names from `hospital` for auto-completion... Press ^C to stop.
 MySQL  localhost:3306 ssl  hospital  SQL > show tables;
+---------------------------+
| Tables_in_hospital        |
+---------------------------+
| cuartos                   |
| cuentas_pacientes         |
| cuentas_pacientes_detlles |
| direcciones               |
| direcciones_empleados     |
| direcciones_pacientes     |
| empleados                 |
| formas_pago               |
| formas_pago_pacientes     |
| pacientes                 |
| registro_pacientes        |
+---------------------------+
11 rows in set (0.0027 sec)
 MySQL  localhost:3306 ssl  hospital  SQL > select * from pacientes;
Empty set (0.0010 sec)
 MySQL  localhost:3306 ssl  hospital  SQL > load data infile "C:\Users\locho\OneDrive\Documentos SkyDrive\2 ITCH II\6to Semestre\Taller de bases de datos\Unidad 2\Examen practico\Csv_con_id\tablasHospital.xlsx - pacientes.csv" INTO TABLE tb_students
                                         -> FIELDS TERMINATED BY ','
                                         -> ENCLOSED BY '"'
                                         -> LINES TERMINATED BY '\n'
                                         -> IGNORE 1 ROWS;
ERROR: 1146 (42S02): Table 'hospital.tb_students' doesn't exist
 MySQL  localhost:3306 ssl  hospital  SQL > load data infile "C:\Users\locho\OneDrive\Documentos SkyDrive\2 ITCH II\6to Semestre\Taller de bases de datos\Unidad 2\Examen practico\Csv_con_id\tablasHospital.xlsx - pacientes.csv" INTO TABLE pacientes FIELDS TERMINATED BY ',' ENCLOSED BY '"' LINES TERMINATED BY '\n' IGNORE 1 ROWS;
ERROR: 1290 (HY000): The MySQL server is running with the --secure-file-priv option so it cannot execute this statement
 MySQL  localhost:3306 ssl  hospital  SQL > SHOW VARIABLES LIKE "secure_file_priv";
+------------------+------------------------------------------------+
| Variable_name    | Value                                          |
+------------------+------------------------------------------------+
| secure_file_priv | C:\ProgramData\MySQL\MySQL Server 8.0\Uploads\ |
+------------------+------------------------------------------------+
1 row in set, 1 warning (0.0033 sec)
Warning (code 1366): Incorrect string value: '\xE1ndar ...' for column 'VARIABLE_VALUE' at row 1
 MySQL  localhost:3306 ssl  hospital  SQL > load data infile "C:\Users\locho\OneDrive\Documentos SkyDrive\2 ITCH II\6to Semestre\Taller de bases de datos\Unidad 2\Examen practico\Csv_con_id\tablasHospital.xlsx - pacientes.csv" INTO TABLE pacientes FIELDS TERMINATED BY ',' ENCLOSED BY '"' LINES TERMINATED BY '\n' IGNORE 1 ROWS;
ERROR: 1290 (HY000): The MySQL server is running with the --secure-file-priv option so it cannot execute this statement
 MySQL  localhost:3306 ssl  hospital  SQL > load data infile "C:\ProgramData\MySQL\MySQL Server 8.0\Uploads\tablasHospitalToCsv.xlsx - pacientes.csv" - pacientes.csv" INTO TABLE pacientes FIELDS TERMINATED BY ',' ENCLOSED BY '"' LINES TERMINATED BY '\n' IGNORE 1 ROWS;^C
 MySQL  localhost:3306 ssl  hospital  SQL > LOAD DATA INFILE "C:\ProgramData\MySQL\MySQL Server 8.0\Uploads\tablasHospitalToCsv.xlsx - pacientes.csv"
                                         -> INTO TABLE pacientes
                                         -> FIELDS TERMINATED BY ',' ENCLOSED BY '"' LINES TERMINATED BY '\n'
                                         -> (apellido_pat, apellido_mat, fecha_nacimiento, peso, altura, numero_seguro_social, genero, telefono_casa, telefono_trabajo, telefono_movil, otros);
ERROR: 1290 (HY000): The MySQL server is running with the --secure-file-priv option so it cannot execute this statement
 MySQL  localhost:3306 ssl  hospital  SQL > LOAD DATA INFILE 'C:/ProgramData/MySQL/MySQL Server 8.0/Uploads/tablasHospitalToCsv.xlsx - pacientes.csv' INTO TABLE pacientes FIELDS TERMINATED BY ',' ENCLOSED BY '"' LINES TERMINATED BY '\n' (apellido_pat, apellido_mat, fecha_nacimiento, peso, altura, numero_seguro_social, genero, telefono_casa, telefono_trabajo, telefono_movil, otros);
ERROR: 1292 (22007): Incorrect date value: 'apellido_mat' for column 'FECHA_NACIMIENTO' at row 1
 MySQL  localhost:3306 ssl  hospital  SQL > LOAD DATA INFILE 'C:/ProgramData/MySQL/MySQL Server 8.0/Uploads/tablasHospital.xlsx - pacientes.csv' INTO TABLE pacientes FIELDS TERMINATED BY ',' ENCLOSED BY '"' LINES TERMINATED BY '\n' (apellido_pat, apellido_mat, fecha_nacimiento, peso, altura, numero_seguro_social, genero, telefono_casa, telefono_trabajo, telefono_movil, otros);
ERROR: 1292 (22007): Incorrect date value: 'apellido_pat' for column 'FECHA_NACIMIENTO' at row 1
 MySQL  localhost:3306 ssl  hospital  SQL > LOAD DATA INFILE 'C:/ProgramData/MySQL/MySQL Server 8.0/Uploads/tablasHospital.xlsx - pacientes.csv' INTO TABLE pacientes FIELDS TERMINATED BY ',' ENCLOSED BY '"' LINES TERMINATED BY '\n' (paciente_id, apellido_pat, apellido_mat, fecha_nacimiento, peso, altura, numero_seguro_social, genero, telefono_casa, telefono_trabajo, telefono_movil, otros);
ERROR: 1366 (HY000): Incorrect integer value: 'paciente_id' for column 'PACIENTE_ID' at row 1
 MySQL  localhost:3306 ssl  hospital  SQL > LOAD DATA INFILE 'C:/ProgramData/MySQL/MySQL Server 8.0/Uploads/tablasHospital.xlsx - pacientes.csv' INTO TABLE pacientes FIELDS TERMINATED BY ',' ENCLOSED BY '"' LINES TERMINATED BY '\n' (paciente_id, apellido_pat, apellido_mat, fecha_nacimiento, peso, altura, numero_seguro_social, genero, telefono_casa, telefono_trabajo, telefono_movil, otros) ignore 1 row;
ERROR: 1064 (42000): You have an error in your SQL syntax; check the manual that corresponds to your MySQL server version for the right syntax to use near 'ignore 1 row' at line 1
 MySQL  localhost:3306 ssl  hospital  SQL > LOAD DATA INFILE 'C:/ProgramData/MySQL/MySQL Server 8.0/Uploads/tablasHospital.xlsx - pacientes.csv' INTO TABLE pacientes FIELDS TERMINATED BY ',' ENCLOSED BY '"' LINES TERMINATED BY '\n' ignore 1 rows (paciente_id, apellido_pat, apellido_mat, fecha_nacimiento, peso, altura, numero_seguro_social, genero, telefono_casa, telefono_trabajo, telefono_movil, otros);
ERROR: 1292 (22007): Incorrect date value: 'Facello' for column 'FECHA_NACIMIENTO' at row 1
 MySQL  localhost:3306 ssl  hospital  SQL > desc pacientes;
+----------------------+------------------------------+------+-----+---------+----------------+
| Field                | Type                         | Null | Key | Default | Extra          |
+----------------------+------------------------------+------+-----+---------+----------------+
| PACIENTE_ID          | int                          | NO   | PRI | NULL    | auto_increment |
| NOMBRE               | varchar(50)                  | NO   |     | NULL    |                |
| APELLIDO_PAT         | varchar(50)                  | NO   |     | NULL    |                |
| APELLIDO_MAT         | varchar(50)                  | NO   |     | NULL    |                |
| FECHA_NACIMIENTO     | date                         | NO   |     | NULL    |                |
| PESO                 | double                       | NO   |     | NULL    |                |
| ALTURA               | double                       | NO   |     | NULL    |                |
| NUMERO_SEGURO_SOCIAL | varchar(50)                  | NO   |     | NULL    |                |
| genero               | enum('masculino','femenino') | YES  |     | NULL    |                |
| TELEFONO_CASA        | varchar(16)                  | YES  |     | NULL    |                |
| TELEFONO_TRABAJO     | varchar(16)                  | YES  |     | NULL    |                |
| TELEFONO_MOVIL       | varchar(16)                  | YES  |     | NULL    |                |
| OTROS                | varchar(16)                  | YES  |     | NULL    |                |
+----------------------+------------------------------+------+-----+---------+----------------+
13 rows in set (0.0018 sec)
 MySQL  localhost:3306 ssl  hospital  SQL > LOAD DATA INFILE 'C:/ProgramData/MySQL/MySQL Server 8.0/Uploads/tablasHospital.xlsx - pacientes.csv' INTO TABLE pacientes FIELDS TERMINATED BY ',' ENCLOSED BY '"' LINES TERMINATED BY '\n' ignore 1 rows (paciente_id, nombre, apellido_pat, apellido_mat, fecha_nacimiento, peso, altura, numero_seguro_social, genero, telefono_casa, telefono_trabajo, telefono_movil, otros);
ERROR: 1292 (22007): Incorrect date value: '2/20/1960' for column 'FECHA_NACIMIENTO' at row 1
 MySQL  localhost:3306 ssl  hospital  SQL > LOAD DATA INFILE 'C:/ProgramData/MySQL/MySQL Server 8.0/Uploads/tablasHospital.xlsx - pacientes.csv' INTO TABLE pacientes FIELDS TERMINATED BY ',' ENCLOSED BY '"' LINES TERMINATED BY '\n' ignore 1 rows (paciente_id, nombre, apellido_pat, apellido_mat, fecha_nacimiento, peso, altura, numero_seguro_social, genero, telefono_casa, telefono_trabajo, telefono_movil, otros);
ERROR: 1265 (01000): Data truncated for column 'genero' at row 1
 MySQL  localhost:3306 ssl  hospital  SQL > select * from pacientes;
Empty set (0.0006 sec)
 MySQL  localhost:3306 ssl  hospital  SQL > LOAD DATA INFILE 'C:/ProgramData/MySQL/MySQL Server 8.0/Uploads/tablasHospital.xlsx - pacientes.csv' INTO TABLE pacientes FIELDS TERMINATED BY ',' ENCLOSED BY '"' LINES TERMINATED BY '\n' ignore 1 rows (paciente_id, nombre, apellido_pat, apellido_mat, fecha_nacimiento, peso, altura, numero_seguro_social, genero, telefono_casa, telefono_trabajo, telefono_movil, otros);
ERROR: 1261 (01000): Row 58 doesn't contain data for all columns
 MySQL  localhost:3306 ssl  hospital  SQL > select * from pacientes;
Empty set (0.0005 sec)
 MySQL  localhost:3306 ssl  hospital  SQL > LOAD DATA INFILE 'C:/ProgramData/MySQL/MySQL Server 8.0/Uploads/tablasHospital.xlsx - pacientes.csv' INTO TABLE pacientes FIELDS TERMINATED BY ',' ENCLOSED BY '"' LINES TERMINATED BY '\n' ignore 1 rows (paciente_id, nombre, apellido_pat, apellido_mat, fecha_nacimiento, peso, altura, numero_seguro_social, genero, telefono_casa, telefono_trabajo, telefono_movil, otros);
ERROR: 1292 (22007): Incorrect date value: '20/02/1960' for column 'FECHA_NACIMIENTO' at row 1
 MySQL  localhost:3306 ssl  hospital  SQL > LOAD DATA INFILE 'C:/ProgramData/MySQL/MySQL Server 8.0/Uploads/tablasHospital.xlsx - pacientes.csv' INTO TABLE pacientes FIELDS TERMINATED BY ',' ENCLOSED BY '"' LINES TERMINATED BY '\n' ignore 1 rows (paciente_id, nombre, apellido_pat, apellido_mat, fecha_nacimiento, peso, altura, numero_seguro_social, genero, telefono_casa, telefono_trabajo, telefono_movil, otros);
Query OK, 58 rows affected (0.0040 sec)

Records: 58  Deleted: 0  Skipped: 0  Warnings: 0
 MySQL  localhost:3306 ssl  hospital  SQL > select * from pacientes;
+-------------+------------+--------------+--------------+------------------+------+--------+----------------------+-----------+---------------+------------------+----------------+-------+
| PACIENTE_ID | NOMBRE     | APELLIDO_PAT | APELLIDO_MAT | FECHA_NACIMIENTO | PESO | ALTURA | NUMERO_SEGURO_SOCIAL | genero    | TELEFONO_CASA | TELEFONO_TRABAJO | TELEFONO_MOVIL | OTROS |
+-------------+------------+--------------+--------------+------------------+------+--------+----------------------+-----------+---------------+------------------+----------------+-------+
     |      1 | Georgi     | Facello      | Facello      | 1960-02-20       |   93 |   1.99 | 10001                | masculino |               |                  |                |
     |      2 | Bezalel    | Simmel       | Simmel       | 1952-07-08       |   88 |   1.69 | 10002                | femenino  |               |                  |                |
     |      3 | Parto      | Bamford      | Bamford      | 1953-09-29       |   62 |   1.88 | 10003                | masculino |               |                  |                |
     |      4 | Chirstian  | Koblick      | Koblick      | 1958-09-05       |   93 |   1.84 | 10004                | masculino |               |                  |                |
     |      5 | Kyoichi    | Maliniak     | Maliniak     | 1958-10-31       |   86 |   1.89 | 10005                | masculino |               |                  |                |
     |      6 | Anneke     | Preusig      | Preusig      | 1953-04-03       |   86 |   1.54 | 10006                | femenino  |               |                  |                |
     |      7 | Tzvetan    | Zielinski    | Zielinski    | 1962-07-10       |   56 |   1.77 | 10007                | femenino  |               |                  |                |
     |      8 | Saniya     | Kalloufi     | Kalloufi     | 1963-11-26       |   78 |   1.82 | 10008                | masculino |               |                  |                |
     |      9 | Sumant     | Peac         | Peac         | 1956-12-13       |   85 |   1.64 | 10009                | femenino  |               |                  |                |
     |     10 | Duangkaew  | Piveteau     | Piveteau     | 1958-07-14       |   92 |   1.71 | 10010                | femenino  |               |                  |                |
     |     11 | Mary       | Sluis        | Sluis        | 1959-01-27       |   96 |   1.96 | 10011                | femenino  |               |                  |                |
     |     12 | Patricio   | Bridgland    | Bridgland    | 1960-08-09       |   63 |    1.9 | 10012                | masculino |               |                  |                |
     |     13 | Eberhardt  | Terkki       | Terkki       | 1956-11-14       |   81 |   1.64 | 10013                | masculino |               |                  |                |
     |     14 | Berni      | Genin        | Genin        | 1962-12-29       |   67 |   1.74 | 10014                | masculino |               |                  |                |
     |     15 | Guoxiang   | Nooteboom    | Nooteboom    | 1953-02-08       |   60 |   1.55 | 10015                | masculino |               |                  |                |
     |     16 | Kazuhito   | Cappelletti  | Cappelletti  | 1959-08-10       |   97 |   1.71 | 10016                | masculino |               |                  |                |
     |     17 | Cristinel  | Bouloucos    | Bouloucos    | 1963-07-22       |   66 |   1.91 | 10017                | femenino  |               |                  |                |
     |     18 | Kazuhide   | Peha         | Peha         | 1960-07-20       |   88 |   1.51 | 10018                | femenino  |               |                  |                |
     |     19 | Lillian    | Haddadi      | Haddadi      | 1959-10-01       |   85 |   1.61 | 10019                | masculino |               |                  |                |
     |     20 | Mayuko     | Warwick      | Warwick      | 1959-09-13       |   96 |   1.78 | 10020                | masculino |               |                  |                |
     |     21 | Ramzi      | Erde         | Erde         | 1959-08-27       |   91 |   1.61 | 10021                | masculino |               |                  |                |
     |     22 | Shahaf     | Famili       | Famili       | 1956-02-26       |   70 |   1.81 | 10022                | masculino |               |                  |                |
     |     23 | Bojan      | Montemayor   | Montemayor   | 1960-09-19       |   86 |    1.8 | 10023                | femenino  |               |                  |                |
     |     24 | Suzette    | Pettey       | Pettey       | 1961-09-21       |   79 |   1.74 | 10024                | femenino  |               |                  |                |
     |     25 | Prasadram  | Heyers       | Heyers       | 1957-08-14       |   91 |   1.95 | 10025                | masculino |               |                  |                |
     |     26 | Yongqiao   | Berztiss     | Berztiss     | 1960-07-23       |   75 |   1.91 | 10026                | masculino |               |                  |                |
     |     27 | Divier     | Reistad      | Reistad      | 1952-06-29       |   57 |    1.6 | 10027                | femenino  |               |                  |                |
     |     28 | Domenick   | Tempesti     | Tempesti     | 1963-07-11       |   62 |   1.72 | 10028                | masculino |               |                  |                |
     |     29 | Otmar      | Herbst       | Herbst       | 1961-04-24       |   77 |    1.6 | 10029                | masculino |               |                  |                |
     |     30 | Elvis      | Demeyer      | Demeyer      | 1958-05-21       |   93 |   1.64 | 10030                | masculino |               |                  |                |
     |     31 | Karsten    | Joslin       | Joslin       | 1953-07-28       |   95 |   1.52 | 10031                | masculino |               |                  |                |
     |     32 | Jeong      | Reistad      | Reistad      | 1961-02-26       |   84 |    1.6 | 10032                | femenino  |               |                  |                |
     |     33 | Arif       | Merlo        | Merlo        | 1954-09-13       |   92 |   1.77 | 10033                | masculino |               |                  |                |
     |     34 | Bader      | Swan         | Swan         | 1957-04-04       |   69 |   1.56 | 10034                | masculino |               |                  |                |
     |     35 | Alain      | Chappelet    | Chappelet    | 1956-06-06       |   57 |   1.55 | 10035                | masculino |               |                  |                |
     |     36 | Adamantios | Portugali    | Portugali    | 1961-09-01       |   62 |   1.99 | 10036                | masculino |               |                  |                |
     |     37 | Pradeep    | Makrucki     | Makrucki     | 1954-05-30       |   60 |   1.75 | 10037                | masculino |               |                  |                |
     |     38 | Huan       | Lortz        | Lortz        | 1954-10-01       |   97 |   1.88 | 10038                | masculino |               |                  |                |
     |     39 | Alejandro  | Brender      | Brender      | 1959-10-01       |   92 |   1.78 | 10039                | masculino |               |                  |                |
     |     40 | Weiyi      | Meriste      | Meriste      | 1959-09-13       |   97 |   1.84 | 10040                | femenino  |               |                  |                |
     |     41 | Uri        | Lenart       | Lenart       | 1959-08-27       |   80 |    1.9 | 10041                | femenino  |               |                  |                |
     |     42 | Magy       | Stamatiou    | Stamatiou    | 1956-02-26       |   69 |   1.91 | 10042                | femenino  |               |                  |                |
     |     43 | Yishay     | Tzvieli      | Tzvieli      | 1960-09-19       |   65 |   1.95 | 10043                | masculino |               |                  |                |
     |     44 | Mingsen    | Casley       | Casley       | 1961-09-21       |   90 |    1.8 | 10044                | femenino  |               |                  |                |
     |     45 | Moss       | Shanbhogue   | Shanbhogue   | 1957-08-14       |   90 |   1.97 | 10045                | masculino |               |                  |                |
     |     46 | Lucien     | Rosenbaum    | Rosenbaum    | 1960-07-23       |   85 |   1.53 | 10046                | masculino |               |                  |                |
     |     47 | Zvonko     | Nyanchama    | Nyanchama    | 1952-06-29       |   78 |   1.65 | 10047                | masculino |               |                  |                |
     |     48 | Florian    | Syrotiuk     | Syrotiuk     | 1963-07-11       |   76 |   1.58 | 10048                | masculino |               |                  |                |
     |     49 | Basil      | Tramer       | Tramer       | 1961-04-24       |   99 |   1.55 | 10049                | femenino  |               |                  |                |
     |     50 | Yinghua    | Dredge       | Dredge       | 1958-05-21       |   78 |   1.54 | 10050                | masculino |               |                  |                |
     |     51 | Hidefumi   | Caine        | Caine        | 1953-07-28       |   54 |   1.84 | 10051                | masculino |               |                  |                |
     |     52 | Heping     | Nitsch       | Nitsch       | 1961-02-26       |   85 |   1.59 | 10052                | masculino |               |                  |                |
     |     53 | Sanjiv     | Zschoche     | Zschoche     | 1954-09-13       |   52 |   1.53 | 10053                | femenino  |               |                  |                |
     |     54 | Mayumi     | Schueller    | Schueller    | 1957-04-04       |   75 |   1.72 | 10054                | masculino |               |                  |                |
     |     55 | Georgy     | Dredge       | Dredge       | 1956-06-06       |   97 |   1.61 | 10055                | masculino |               |                  |                |
     |     56 | Brendon    | Bernini      | Bernini      | 1961-09-01       |   91 |   1.63 | 10056                | femenino  |               |                  |                |
     |     57 | Ebbe       | Callaway     | Callaway     | 1954-05-30       |   91 |   1.96 | 10057                | femenino  |               |                  |                |
     |     58 | Berhard    | McFarlin     | McFarlin     | 1954-10-01       |   99 |   1.96 | 10058                | masculino |               |                  |                |
+-------------+------------+--------------+--------------+------------------+------+--------+----------------------+-----------+---------------+------------------+----------------+-------+
58 rows in set (0.0016 sec)
 MySQL  localhost:3306 ssl  hospital  SQL > desc cuartos;
+----------------+------+------+-----+---------+----------------+
| Field          | Type | Null | Key | Default | Extra          |
+----------------+------+------+-----+---------+----------------+
| CUARTO_ID      | int  | NO   | PRI | NULL    | auto_increment |
| PACIENTE_ID    | int  | YES  | MUL | NULL    |                |
| NUMERO_CUARTO  | int  | NO   |     | NULL    |                |
| INICIO_ESTADIA | date | NO   |     | NULL    |                |
| FIN_ESTADIA    | date | YES  |     | NULL    |                |
+----------------+------+------+-----+---------+----------------+
5 rows in set (0.0017 sec)
 MySQL  localhost:3306 ssl  hospital  SQL > LOAD DATA INFILE 'C:/ProgramData/MySQL/MySQL Server 8.0/Uploads/tablasHospital.xlsx - cuartos.csv' INTO TABLE pacientes FIELDS TERMINATED BY ',' ENCLOSED BY '"' LINES TERMINATED BY '\n' ignore 1 rows (cuarto_id, paciente_id, numero_cuarto, inicio_estadia, fin_estadia);
ERROR: 1054 (42S22): Unknown column 'cuarto_id' in 'field list'
 MySQL  localhost:3306 ssl  hospital  SQL > LOAD DATA INFILE 'C:/ProgramData/MySQL/MySQL Server 8.0/Uploads/tablasHospital.xlsx - cuartos.csv' INTO TABLE pacientes FIELDS TERMINATED BY ',' ENCLOSED BY '"' LINES TERMINATED BY '\n' ignore 1 rows (CUARTO_ID, paciente_id, numero_cuarto, inicio_estadia, fin_estadia);
ERROR: 1054 (42S22): Unknown column 'CUARTO_ID' in 'field list'
 MySQL  localhost:3306 ssl  hospital  SQL > LOAD DATA INFILE 'C:/ProgramData/MySQL/MySQL Server 8.0/Uploads/tablasHospital.xlsx - cuartos.csv' INTO TABLE cuartos FIELDS TERMINATED BY ',' ENCLOSED BY '"' LINES TERMINATED BY '\n' ignore 1 rows (CUARTO_ID, paciente_id, numero_cuarto, inicio_estadia, fin_estadia);
Query OK, 58 rows affected, 57 warnings (0.0100 sec)

Records: 58  Deleted: 0  Skipped: 0  Warnings: 57
' at row 1 is deprecated. Prefer the standard ' '. in datetime value '2017-04-17
' at row 2 is deprecated. Prefer the standard ' '. in datetime value '2017-04-13
' at row 3 is deprecated. Prefer the standard ' '. in datetime value '2017-04-17
' at row 4 is deprecated. Prefer the standard ' '. in datetime value '2017-04-18
' at row 5 is deprecated. Prefer the standard ' '. in datetime value '2017-04-17
' at row 6 is deprecated. Prefer the standard ' '. in datetime value '2017-04-16
' at row 7 is deprecated. Prefer the standard ' '. in datetime value '2017-04-23
' at row 8 is deprecated. Prefer the standard ' '. in datetime value '2017-04-24
' at row 9 is deprecated. Prefer the standard ' '. in datetime value '2017-04-23
' at row 10 is deprecated. Prefer the standard ' '.in datetime value '2017-04-24
' at row 11 is deprecated. Prefer the standard ' '.in datetime value '2017-04-23
' at row 12 is deprecated. Prefer the standard ' '.in datetime value '2017-04-24
' at row 13 is deprecated. Prefer the standard ' '.in datetime value '2017-04-28
' at row 14 is deprecated. Prefer the standard ' '.in datetime value '2017-04-25
' at row 15 is deprecated. Prefer the standard ' '.in datetime value '2017-05-01
' at row 16 is deprecated. Prefer the standard ' '.in datetime value '2017-04-30
' at row 17 is deprecated. Prefer the standard ' '.in datetime value '2017-04-27
' at row 18 is deprecated. Prefer the standard ' '.in datetime value '2017-05-07
' at row 19 is deprecated. Prefer the standard ' '.in datetime value '2017-04-30
' at row 20 is deprecated. Prefer the standard ' '.in datetime value '2017-05-05
' at row 21 is deprecated. Prefer the standard ' '.in datetime value '2017-05-07
' at row 22 is deprecated. Prefer the standard ' '.in datetime value '2017-05-10
' at row 23 is deprecated. Prefer the standard ' '.in datetime value '2017-05-09
' at row 24 is deprecated. Prefer the standard ' '.in datetime value '2017-05-04
' at row 25 is deprecated. Prefer the standard ' '.in datetime value '2017-05-14
' at row 26 is deprecated. Prefer the standard ' '.in datetime value '2017-05-12
' at row 27 is deprecated. Prefer the standard ' '.in datetime value '2017-05-09
' at row 28 is deprecated. Prefer the standard ' '.in datetime value '2017-05-14
' at row 29 is deprecated. Prefer the standard ' '.in datetime value '2017-05-10
' at row 30 is deprecated. Prefer the standard ' '.in datetime value '2017-05-14
' at row 31 is deprecated. Prefer the standard ' '.in datetime value '2017-05-17
' at row 32 is deprecated. Prefer the standard ' '.in datetime value '2017-05-21
' at row 33 is deprecated. Prefer the standard ' '.in datetime value '2017-05-19
' at row 34 is deprecated. Prefer the standard ' '.in datetime value '2017-05-19
' at row 35 is deprecated. Prefer the standard ' '.in datetime value '2017-05-15
' at row 36 is deprecated. Prefer the standard ' '.in datetime value '2017-05-19
' at row 37 is deprecated. Prefer the standard ' '.in datetime value '2017-05-26
' at row 38 is deprecated. Prefer the standard ' '.in datetime value '2017-05-18
' at row 39 is deprecated. Prefer the standard ' '.in datetime value '2017-05-24
' at row 40 is deprecated. Prefer the standard ' '.in datetime value '2017-05-26
' at row 41 is deprecated. Prefer the standard ' '.in datetime value '2017-05-28
' at row 42 is deprecated. Prefer the standard ' '.in datetime value '2017-05-29
' at row 43 is deprecated. Prefer the standard ' '.in datetime value '2017-05-26
' at row 44 is deprecated. Prefer the standard ' '.in datetime value '2017-06-02
' at row 45 is deprecated. Prefer the standard ' '.in datetime value '2017-05-31
' at row 46 is deprecated. Prefer the standard ' '.in datetime value '2017-06-03
' at row 47 is deprecated. Prefer the standard ' '.in datetime value '2017-05-27
' at row 48 is deprecated. Prefer the standard ' '.in datetime value '2017-06-06
' at row 49 is deprecated. Prefer the standard ' '.in datetime value '2017-05-29
' at row 50 is deprecated. Prefer the standard ' '.in datetime value '2017-05-30
' at row 51 is deprecated. Prefer the standard ' '.in datetime value '2017-06-02
' at row 52 is deprecated. Prefer the standard ' '.in datetime value '2017-06-08
' at row 53 is deprecated. Prefer the standard ' '.in datetime value '2017-06-11
' at row 54 is deprecated. Prefer the standard ' '.in datetime value '2017-06-07
' at row 55 is deprecated. Prefer the standard ' '.in datetime value '2017-06-09
' at row 56 is deprecated. Prefer the standard ' '.in datetime value '2017-06-12
' at row 57 is deprecated. Prefer the standard ' '.in datetime value '2017-06-13
 MySQL  localhost:3306 ssl  hospital  SQL > select * from cuartos
                                         -> ;
+-----------+-------------+---------------+----------------+-------------+
| CUARTO_ID | PACIENTE_ID | NUMERO_CUARTO | INICIO_ESTADIA | FIN_ESTADIA |
+-----------+-------------+---------------+----------------+-------------+
|         1 |           1 |           121 | 2017-04-10     | 2017-04-17  |
|         2 |           2 |           190 | 2017-04-11     | 2017-04-13  |
|         3 |           3 |           108 | 2017-04-12     | 2017-04-17  |
|         4 |           4 |           179 | 2017-04-13     | 2017-04-18  |
|         5 |           5 |           158 | 2017-04-14     | 2017-04-17  |
|         6 |           6 |           183 | 2017-04-15     | 2017-04-16  |
|         7 |           7 |           142 | 2017-04-16     | 2017-04-23  |
|         8 |           8 |           108 | 2017-04-17     | 2017-04-24  |
|         9 |           9 |           100 | 2017-04-18     | 2017-04-23  |
|        10 |          10 |           109 | 2017-04-19     | 2017-04-24  |
|        11 |          11 |           116 | 2017-04-20     | 2017-04-23  |
|        12 |          12 |           182 | 2017-04-21     | 2017-04-24  |
|        13 |          13 |           180 | 2017-04-22     | 2017-04-28  |
|        14 |          14 |           188 | 2017-04-23     | 2017-04-25  |
|        15 |          15 |           173 | 2017-04-24     | 2017-05-01  |
|        16 |          16 |           176 | 2017-04-25     | 2017-04-30  |
|        17 |          17 |           122 | 2017-04-26     | 2017-04-27  |
|        18 |          18 |           155 | 2017-04-27     | 2017-05-07  |
|        19 |          19 |           181 | 2017-04-28     | 2017-04-30  |
|        20 |          20 |           178 | 2017-04-29     | 2017-05-05  |
|        21 |          21 |           139 | 2017-04-30     | 2017-05-07  |
|        22 |          22 |           119 | 2017-05-01     | 2017-05-10  |
|        23 |          23 |           193 | 2017-05-02     | 2017-05-09  |
|        24 |          24 |           153 | 2017-05-03     | 2017-05-04  |
|        25 |          25 |           168 | 2017-05-04     | 2017-05-14  |
|        26 |          26 |           115 | 2017-05-05     | 2017-05-12  |
|        27 |          27 |           140 | 2017-05-06     | 2017-05-09  |
|        28 |          28 |           170 | 2017-05-07     | 2017-05-14  |
|        29 |          29 |           153 | 2017-05-08     | 2017-05-10  |
|        30 |          30 |           177 | 2017-05-09     | 2017-05-14  |
|        31 |          31 |           101 | 2017-05-10     | 2017-05-17  |
|        32 |          32 |           118 | 2017-05-11     | 2017-05-21  |
|        33 |          33 |           120 | 2017-05-12     | 2017-05-19  |
|        34 |          34 |           156 | 2017-05-13     | 2017-05-19  |
|        35 |          35 |           174 | 2017-05-14     | 2017-05-15  |
|        36 |          36 |           156 | 2017-05-15     | 2017-05-19  |
|        37 |          37 |           397 | 2017-05-16     | 2017-05-26  |
|        38 |          38 |           314 | 2017-05-17     | 2017-05-18  |
|        39 |          39 |           385 | 2017-05-18     | 2017-05-24  |
|        40 |          40 |           356 | 2017-05-19     | 2017-05-26  |
|        41 |          41 |           317 | 2017-05-20     | 2017-05-28  |
|        42 |          42 |           305 | 2017-05-21     | 2017-05-29  |
|        43 |          43 |           363 | 2017-05-22     | 2017-05-26  |
|        44 |          44 |           346 | 2017-05-23     | 2017-06-02  |
|        45 |          45 |           396 | 2017-05-24     | 2017-05-31  |
|        46 |          46 |           376 | 2017-05-25     | 2017-06-03  |
|        47 |          47 |           353 | 2017-05-26     | 2017-05-27  |
|        48 |          48 |           342 | 2017-05-27     | 2017-06-06  |
|        49 |          49 |           382 | 2017-05-28     | 2017-05-29  |
|        50 |          50 |           346 | 2017-05-29     | 2017-05-30  |
|        51 |          51 |           349 | 2017-05-30     | 2017-06-02  |
|        52 |          52 |           381 | 2017-05-31     | 2017-06-08  |
|        53 |          53 |           383 | 2017-06-01     | 2017-06-11  |
|        54 |          54 |           339 | 2017-06-02     | 2017-06-07  |
|        55 |          55 |           326 | 2017-06-03     | 2017-06-09  |
|        56 |          56 |           391 | 2017-06-04     | 2017-06-12  |
|        57 |          57 |           377 | 2017-06-05     | 2017-06-13  |
|        58 |          58 |           323 | 2017-06-06     | 2017-06-13  |
+-----------+-------------+---------------+----------------+-------------+
58 rows in set (0.0005 sec)
 MySQL  localhost:3306 ssl  hospital  SQL > desc empleados;
+------------------+-------------+------+-----+---------+----------------+
| Field            | Type        | Null | Key | Default | Extra          |
+------------------+-------------+------+-----+---------+----------------+
| EMPLEADOS_ID     | int         | NO   | PRI | NULL    | auto_increment |
| NOMBRE           | varchar(50) | NO   |     | NULL    |                |
| APELLIDO_PAT     | varchar(50) | NO   |     | NULL    |                |
| APELLIDO_MAT     | varchar(50) | NO   |     | NULL    |                |
| TITULO           | varchar(70) | YES  |     | NULL    |                |
| FECHA_NACIMIENTO | date        | NO   |     | NULL    |                |
| OTROS            | varchar(50) | YES  |     | NULL    |                |
+------------------+-------------+------+-----+---------+----------------+
7 rows in set (0.0017 sec)
 MySQL  localhost:3306 ssl  hospital  SQL > LOAD DATA INFILE 'C:/ProgramData/MySQL/MySQL Server 8.0/Uploads/tablasHospital.xlsx - empleados.csv' INTO TABLE empleados FIELDS TERMINATED BY ',' ENCLOSED BY '"' LINES TERMINATED BY '\n' ignore 1 rows (empleados_id, nombre, apellido_pat, apellido_mat, titulo, fecha_nacimiento, otros);
ERROR: 1261 (01000): Row 30 doesn't contain data for all columns
 MySQL  localhost:3306 ssl  hospital  SQL > LOAD DATA INFILE 'C:/ProgramData/MySQL/MySQL Server 8.0/Uploads/tablasHospital.xlsx - empleados.csv' INTO TABLE empleados FIELDS TERMINATED BY ',' ENCLOSED BY '"' LINES TERMINATED BY '\n' ignore 1 rows (empleados_id, nombre, apellido_pat, apellido_mat, titulo, fecha_nacimiento, otros);
Query OK, 30 rows affected (0.0033 sec)

Records: 30  Deleted: 0  Skipped: 0  Warnings: 0
 MySQL  localhost:3306 ssl  hospital  SQL > select * from empleados;
+--------------+-----------+--------------+--------------+--------------------+------------------+-------+
| EMPLEADOS_ID | NOMBRE    | APELLIDO_PAT | APELLIDO_MAT | TITULO             | FECHA_NACIMIENTO | OTROS |
+--------------+-----------+--------------+--------------+--------------------+------------------+-------+
     |       1 | Alejandro | McAlpine     | McAlpine     | Senior Engineer    | 1953-09-19       |
     |       2 | Breannda  | Billingsley  | Billingsley  | Staff              | 1961-10-15       |
     |       3 | Tse       | Herber       | Herber       | Senior Engineer    | 1962-10-19       |
     |       4 | Anoosh    | Peyn         | Peyn         | Engineer           | 1961-11-02       |
     |       5 | Gino      | Leonhardt    | Leonhardt    | Senior Engineer    | 1952-08-06       |
     |       6 | Udi       | Jansch       | Jansch       | Senior Staff       | 1959-04-07       |
     |       7 | Satosi    | Awdeh        | Awdeh        | Staff              | 1963-04-14       |
     |       8 | Kwee      | Schusler     | Schusler     | Senior Engineer    | 1952-11-13       |
     |       9 | Claudi    | Stavenow     | Stavenow     | Senior Staff       | 1953-01-07       |
     |      10 | Charlene  | Brattka      | Brattka      | Staff              | 1962-11-26       |
     |      11 | Margareta | Bierman      | Bierman      | Assistant Engineer | 1960-09-06       |
     |      12 | Reuven    | Garigliano   | Garigliano   | Assistant Engineer | 1955-08-20       |
     |      13 | Hisao     | Lipner       | Lipner       | Engineer           | 1958-01-21       |
     |      14 | Hironoby  | Sidou        | Sidou        | Senior Engineer    | 1952-05-15       |
     |      15 | Shir      | McClurg      | McClurg      | Engineer           | 1954-02-23       |
     |      16 | Mokhtar   | Bernatsky    | Bernatsky    | Staff              | 1955-08-28       |
     |      17 | Gao       | Dolinsky     | Dolinsky     | Engineer           | 1960-03-09       |
     |      18 | Erez      | Ritzmann     | Ritzmann     | Senior Engineer    | 1952-06-13       |
     |      19 | Mona      | Azuma        | Azuma        | Senior Staff       | 1964-04-18       |
     |      20 | Danel     | Mondadori    | Mondadori    | Engineer           | 1959-12-25       |
     |      21 | Kshitij   | Gils         | Gils         | Senior Staff       | 1961-10-05       |
     |      22 | Premal    | Baek         | Baek         | Staff              | 1957-12-03       |
     |      23 | Zhongwei  | Rosen        | Rosen        | Senior Staff       | 1960-12-17       |
     |      24 | Parviz    | Lortz        | Lortz        | Staff              | 1963-09-09       |
     |      25 | Vishv     | Zockler      | Zockler      | Engineer           | 1959-07-23       |
     |      26 | Tuval     | Kalloufi     | Kalloufi     | Senior Engineer    | 1960-05-25       |
     |      27 | Kenroku   | Malabarba    | Malabarba    | Staff              | 1962-11-07       |
     |      28 | Somnath   | Foote        | Foote        | Engineer           | 1962-11-19       |
     |      29 | Xinglin   | Eugenio      | Eugenio      | Technique Leader   | 1959-07-23       |
     |      30 | Jungsoon  | Syrzycki     | Syrzycki     | Engineer           | 1954-02-25       |
+--------------+-----------+--------------+--------------+--------------------+------------------+-------+
30 rows in set (0.0008 sec)
 MySQL  localhost:3306 ssl  hospital  SQL > desc direcciones;
+-----------------+--------------+------+-----+---------+----------------+
| Field           | Type         | Null | Key | Default | Extra          |
+-----------------+--------------+------+-----+---------+----------------+
| DIRECCION_ID    | int          | NO   | PRI | NULL    | auto_increment |
| CALLE           | varchar(50)  | NO   |     | NULL    |                |
| NUMERO_EXTERIOR | int          | NO   |     | NULL    |                |
| NUMERO_INTERIOR | int          | YES  |     | NULL    |                |
| COLONIA         | varchar(100) | NO   |     | NULL    |                |
| CODIGO_POSTAL   | varchar(10)  | NO   |     | NULL    |                |
| CIUDAD          | varchar(50)  | NO   |     | NULL    |                |
| ESTADO          | varchar(50)  | NO   |     | NULL    |                |
| PAIS            | varchar(100) | NO   |     | NULL    |                |
| OTROS           | varchar(100) | NO   |     | NULL    |                |
+-----------------+--------------+------+-----+---------+----------------+
10 rows in set (0.0024 sec)
 MySQL  localhost:3306 ssl  hospital  SQL > LOAD DATA INFILE 'C:/ProgramData/MySQL/MySQL Server 8.0/Uploads/tablasHospital.xlsx - direcciones.csv' INTO TABLE direcciones FIELDS TERMINATED BY ',' ENCLOSED BY '"' LINES TERMINATED BY '\n' ignore 1 rows (DIRECCION_ID, calle, NUMERO_EXTERIOR, NUMERO_INTERIOR, COLONIA, CODIGO_POSTAL, CIUDAD, ESTADO, PAIS, OTROS);
ERROR: 1366 (HY000): Incorrect integer value: '' for column 'DIRECCION_ID' at row 1
 MySQL  localhost:3306 ssl  hospital  SQL > LOAD DATA INFILE 'C:/ProgramData/MySQL/MySQL Server 8.0/Uploads/tablasHospital.xlsx - direcciones.csv' INTO TABLE direcciones FIELDS TERMINATED BY ',' ENCLOSED BY '"' LINES TERMINATED BY '\n' ignore 1 rows (DIRECCION_ID, calle, NUMERO_EXTERIOR, NUMERO_INTERIOR, COLONIA, CODIGO_POSTAL, CIUDAD, ESTADO, PAIS, OTROS);
ERROR: 1366 (HY000): Incorrect integer value: '' for column 'NUMERO_INTERIOR' at row 1
 MySQL  localhost:3306 ssl  hospital  SQL > LOAD DATA INFILE 'C:/ProgramData/MySQL/MySQL Server 8.0/Uploads/tablasHospital.xlsx - direcciones.csv' INTO TABLE direcciones FIELDS TERMINATED BY ',' ENCLOSED BY '"' LINES TERMINATED BY '\n' ignore 1 rows (DIRECCION_ID, calle, NUMERO_EXTERIOR, NUMERO_INTERIOR, COLONIA, CODIGO_POSTAL, CIUDAD, ESTADO, PAIS, OTROS);
ERROR: 1366 (HY000): Incorrect integer value: '' for column 'NUMERO_INTERIOR' at row 1
 MySQL  localhost:3306 ssl  hospital  SQL > LOAD DATA INFILE 'C:/ProgramData/MySQL/MySQL Server 8.0/Uploads/tablasHospital.xlsx - direcciones.csv' INTO TABLE direcciones FIELDS TERMINATED BY ',' ENCLOSED BY '"' LINES TERMINATED BY '\n' ignore 1 rows (DIRECCION_ID, calle, NUMERO_EXTERIOR, NUMERO_INTERIOR, COLONIA, CODIGO_POSTAL, CIUDAD, ESTADO, PAIS, OTROS);
ERROR: 1366 (HY000): Incorrect integer value: '' for column 'NUMERO_INTERIOR' at row 1
 MySQL  localhost:3306 ssl  hospital  SQL > LOAD DATA INFILE 'C:/ProgramData/MySQL/MySQL Server 8.0/Uploads/tablasHospital.xlsx - direcciones.csv' INTO TABLE direcciones FIELDS TERMINATED BY ',' ENCLOSED BY '"' LINES TERMINATED BY '\n' ignore 1 rows (DIRECCION_ID, calle, NUMERO_EXTERIOR, NUMERO_INTERIOR, COLONIA, CODIGO_POSTAL, CIUDAD, ESTADO, PAIS, OTROS);
ERROR: 1366 (HY000): Incorrect integer value: 'null' for column 'NUMERO_INTERIOR' at row 1
 MySQL  localhost:3306 ssl  hospital  SQL > LOAD DATA INFILE 'C:/ProgramData/MySQL/MySQL Server 8.0/Uploads/tablasHospital.xlsx - direcciones.csv' INTO TABLE direcciones FIELDS TERMINATED BY ',' ENCLOSED BY '"' LINES TERMINATED BY '\n' ignore 1 rows (DIRECCION_ID, calle, NUMERO_EXTERIOR, NUMERO_INTERIOR, COLONIA, CODIGO_POSTAL, CIUDAD, ESTADO, PAIS, OTROS);
Query OK, 91 rows affected (0.0066 sec)

Records: 91  Deleted: 0  Skipped: 0  Warnings: 0
 MySQL  localhost:3306 ssl  hospital  SQL > select * from direcciones;
+--------------+-----------------------------------------------+-----------------+-----------------+---------------+---------------+-----------------+---------------+-------------+-------+
| DIRECCION_ID | CALLE                                         | NUMERO_EXTERIOR | NUMERO_INTERIOR | COLONIA       | CODIGO_POSTAL | CIUDAD          | ESTADO        | PAIS        | OTROS |
+--------------+-----------------------------------------------+-----------------+-----------------+---------------+---------------+-----------------+---------------+-------------+-------+
     |       1 | 1 rue Alsace-Lorraine                         |               1 |            NULL | No especifica | 40620         | Toulouse        | No especifica | France      |
     |       2 | 12 Orchestra Terrace                          |              12 |            NULL | No especifica | 72299         | Walla Walla     | WA            | USA         |
     |       3 | 12, rue des Bouchers                          |              12 |            NULL | No especifica | 10368         | Marseille       | No especifica | France      |
     |       4 | 120 Hanover Sq.                               |             120 |            NULL | No especifica | 60155         | London          | No especifica | UK          |
     |       5 | 184, chausse de Tournai                       |             184 |            NULL | No especifica | 55769         | Lille           | No especifica | France      |
     |       6 | 187 Suffolk Ln.                               |             187 |            NULL | No especifica | 78271         | Boise           | ID            | USA         |
     |       7 | 1900 Oak St.                                  |            1900 |            NULL | No especifica | 85240         | Vancouver       | BC            | Canada      |
     |       8 | 2, rue du Commerce                            |               2 |            NULL | No especifica | 46913         | Helsinki        | No especifica |             |
     |       9 | 23 Tsawassen Blvd.                            |              23 |            NULL | No especifica | 31994         | Tsawassen       | BC            | Canada      |
     |      10 | 24, place Klber                               |              24 |            NULL | No especifica | 72584         | Strasbourg      | No especifica | France      |
     |      11 | 25, rue Lauriston                             |              25 |            NULL | No especifica | 43635         | Paris           | No especifica | France      |
     |      12 | 265, boulevard Charonne                       |             265 |            NULL | No especifica | 26346         | Paris           | No especifica | France      |
     |      13 | 2732 Baker Blvd.                              |            2732 |            NULL | No especifica | 87535         | Eugene          | OR            | USA         |
     |      14 | 2743 Bering St.                               |            2743 |            NULL | No especifica | 79901         | Anchorage       | AK            | USA         |
     |      15 | 2817 Milton Dr.                               |            2817 |            NULL | No especifica | 85182         | Albuquerque     | NM            | USA         |
     |      16 | 305 - 14th Ave. S. Suite 3B                   |             305 |               3 | No especifica | 62245         | Oulu            | No especifica | Finland     |
     |      17 | 35 King George                                |              35 |            NULL | No especifica | 13216         | London          | No especifica | UK          |
     |      18 | 43 rue St. Laurent                            |              43 |            NULL | No especifica | 18465         | Montral         | Qubec         | Canada      |
     |      19 | 5 Ave. Los Palos Grandes                      |               5 |            NULL | No especifica | 68441         | Caracas         | DF            | Venezuela   |
     |      20 | 54, rue Royale                                |              54 |            NULL | No especifica | 63117         | Nantes          | No especifica | France      |
     |      21 | 55 Grizzly Peak Rd.                           |              55 |            NULL | No especifica | 39549         | Butte           | MT            | USA         |
     |      22 | 59 rue de l'Abbaye                            |              59 |            NULL | No especifica | 21955         | Warszawa        | No especifica |             |
     |      23 | 67, avenue de l'Europe                        |              67 |            NULL | No especifica | 42768         | Versailles      | No especifica | France      |
     |      24 | 67, rue des Cinquante Otages                  |              67 |            NULL | No especifica | 56274         | Nantes          | No especifica | France      |
     |      25 | 722 DaVinci Blvd.                             |             722 |            NULL | No especifica | 13113         | Kirkland        | WA            | USA         |
     |      26 | 8 Johnstown Road                              |               8 |            NULL | No especifica | 47847         | Cork            | Co. Cork      | Ireland     |
     |      27 | 87 Polk St. Suite 5                           |              87 |            NULL | No especifica | 11981         | San Francisco   | CA            | USA         |
     |      28 | 89 Chiaroscuro Rd.                            |              89 |            NULL | No especifica | 29410         | Portland        | OR            | USA         |
     |      29 | 89 Jefferson Way Suite 2                      |              89 |            NULL | No especifica | 44919         | Portland        | OR            | USA         |
     |      30 | 90 Wadhurst Rd.                               |              90 |            NULL | No especifica | 43827         | London          | No especifica | UK          |
     |      31 | Adenauerallee 900                             |             900 |            NULL | No especifica | 86925         | Lyon            | No especifica | France      |
     |      32 | Alameda dos Canrios, 891                      |             891 |            NULL | No especifica | 36965         | Sao Paulo       | SP            | Brazil      |
     |      33 | Av. Brasil, 442                               |             442 |            NULL | No especifica | 68328         | Campinas        | SP            | Brazil      |
     |      34 | Av. Copacabana, 267                           |             267 |            NULL | No especifica | 34941         | Rio de Janeiro  | RJ            | Brazil      |
     |      35 | Av. del Libertador 900                        |             900 |            NULL | No especifica | 71252         | Buenos Aires    | No especifica | Argentina   |
     |      36 | Av. dos Lusadas, 23                           |              23 |            NULL | No especifica | 84473         | Sao Paulo       | SP            | Brazil      |
     |      37 | Av. Ins de Castro, 414                        |             414 |            NULL | No especifica | 14942         | Sao Paulo       | SP            | Brazil      |
     |      38 | Avda. Azteca 123                              |             123 |            NULL | No especifica | 78040         | Mxico D.F.      | Mxico D.F.    | Mexico      |
     |      39 | Avda. de la Constitucin 2222                  |            2222 |            NULL | No especifica | 71760         | Mxico D.F.      | Mxico D.F.    | Mexico      |
     |      40 | Ave. 5 de Mayo Porlamar                       |               5 |            NULL | No especifica | 20768         | I. de Margarita | Nueva Esparta | Venezuela   |
     |      41 | Berguvsvgen  8                                |               8 |            NULL | No especifica | 26468         | Lule            | No especifica | Sweden      |
     |      42 | Berkeley Gardens 12  Brewery                  |              12 |            NULL | No especifica | 61775         | London          | No especifica | UK          |
     |      43 | Berliner Platz 43                             |              43 |            NULL | No especifica | 21914         | Mnchen          | No especifica | Germany     |
     |      44 | Boulevard Tirou, 255                          |             255 |            NULL | No especifica | 86215         | Charleroi       | No especifica | Belgium     |
     |      45 | C/ Araquil, 67                                |              67 |            NULL | No especifica | 11697         | Madrid          | No especifica | Spain       |
     |      46 | C/ Moralzarzal, 86                            |              86 |            NULL | No especifica | 77528         | Madrid          | No especifica | Spain       |
     |      47 | C/ Romero, 33                                 |              33 |            NULL | No especifica | 18057         | Sevilla         | No especifica | Spain       |
     |      48 | Calle Dr. Jorge Cash 321                      |             321 |            NULL | No especifica | 19460         | Mxico D.F.      | Mxico D.F.    | Mexico      |
     |      49 | Carrera 22 con Ave. Carlos Soublette #8-35    |              22 |               8 | No especifica | 50156         | San Cristbal    | Tchira        | Venezuela   |
     |      50 | Carrera 52 con Ave. Bolvar #65-98 Llano Largo |              52 |            NULL | No especifica | 76914         | Barquisimeto    | Lara          | Venezuela   |
     |      51 | Cerrito 333                                   |             333 |            NULL | No especifica | 41756         | Buenos Aires    | No especifica | Argentina   |
     |      52 | City Center Plaza 516 Main St.                |             516 |            NULL | No especifica | 47913         | Elgin           | OR            | USA         |
     |      53 | Erling Skakkes gate 78                        |              78 |            NULL | No especifica | 68136         | Stavern         | No especifica | Norway      |
     |      54 | Estrada da sade n. 58                         |              58 |            NULL | No especifica | 11380         | Lisboa          | No especifica | Portugal    |
     |      55 | Fauntleroy Circus                             |             100 |            NULL | No especifica | 12425         | London          | No especifica | UK          |
     |      56 | Forsterstr. 57                                |              57 |            NULL | No especifica | 29719         | Mannheim        | No especifica | Germany     |
     |      57 | Garden House Crowther Way                     |               5 |            NULL | No especifica | 52697         | Cowes           | Isle of Wight | UK          |
     |      58 | Geislweg 14                                   |              14 |            NULL | No especifica | 34435         | Salzburg        | No especifica | Austria     |
     |      59 | Gran Va, 1                                    |               1 |            NULL | No especifica | 61601         | Madrid          | No especifica | Spain       |
     |      60 | Grenzacherweg 237                             |             237 |            NULL | No especifica | 83335         | Genve           | No especifica | Switzerland |
     |      61 | Hauptstr. 29                                  |              29 |            NULL | No especifica | 23662         | Bern            | No especifica | Switzerland |
     |      62 | Heerstr. 22                                   |              22 |            NULL | No especifica | 73900         | Leipzig         | No especifica | Germany     |
     |      63 | Ing. Gustavo Moncada 8585 Piso 20-A           |            8585 |              20 | No especifica | 83428         | Buenos Aires    | No especifica | Argentina   |
     |      64 | Jardim das rosas n. 32                        |              32 |            NULL | No especifica | 87099         | Lisboa          | No especifica | Portugal    |
     |      65 | kergatan 24                                   |              24 |            NULL | No especifica | 83154         | Brcke           | No especifica | Sweden      |
     |      66 | Keskuskatu 45                                 |              45 |            NULL | No especifica | 25873         | Resende         | SP            | Brazil      |
     |      67 | Kirchgasse 6                                  |               6 |            NULL | No especifica | 59319         | Graz            | No especifica | Austria     |
     |      68 | Luisenstr. 48                                 |              78 |            NULL | No especifica | 32205         | Mnster          | No especifica | Germany     |
     |      69 | Magazinweg 7                                  |               7 |            NULL | No especifica | 69129         | Frankfurt a.M.  |               | Germany     |
     |      70 | Mataderos  2312                               |            2312 |            NULL | No especifica | 37179         | Mxico D.F.      | Mxico D.F.    | Mexico      |
     |      71 | Maubelstr. 90                                 |              90 |            NULL | No especifica | 73705         | Brandenburg     | No especifica | Germany     |
     |      72 | Mehrheimerstr. 369                            |             369 |            NULL | No especifica | 46012         | Kln             | No especifica | Germany     |
     |      73 | Obere Str. 57                                 |              57 |            NULL | No especifica | 30071         | Berlin          | No especifica | Germany     |
     |      74 | P.O. Box 555                                  |             555 |            NULL | No especifica | 26230         | Lander          | WY            | USA         |
     |      75 | Rambla de Catalua, 23                         |              23 |            NULL | No especifica | 38184         | Barcelona       | No especifica | Spain       |
     |      76 | Rua da Panificadora, 12                       |              12 |            NULL | No especifica | 37964         | Rio de Janeiro  | RJ            | Brazil      |
     |      77 | Rua do Mercado, 12                            |              12 |            NULL | No especifica | 10549         | Stuttgart       | No especifica | Germany     |
     |      78 | Rua do Pao, 67                                |              67 |            NULL | No especifica | 22071         | Rio de Janeiro  | RJ            | Brazil      |
     |      79 | Rua Ors, 92                                   |              92 |            NULL | No especifica | 16799         | Sao Paulo       | SP            | Brazil      |
     |      80 | Rue Joseph-Bens 532                           |             532 |            NULL | No especifica | 32742         | Bruxelles       | No especifica | Belgium     |
     |      81 | Sierras de Granada 9993                       |            9993 |            NULL | No especifica | 45792         | Mxico D.F.      | No especifica | Mexico      |
     |      82 | Smagsloget 45                                 |              45 |            NULL | No especifica | 88442         | rhus            | No especifica | Denmark     |
     |      83 | South House 300 Queensbridge                  |             300 |            NULL | No especifica | 77552         | London          | No especifica | UK          |
     |      84 | Strada Provinciale 124                        |             124 |            NULL | No especifica | 47511         | Reggio Emilia   | No especifica | Italy       |
     |      85 | Taucherstrae 10                               |              10 |            NULL | No especifica | 86041         | Cunewalde       | No especifica | Germany     |
     |      86 | Torikatu 38                                   |              38 |            NULL | No especifica | 18047         | Reims           | No especifica | France      |
     |      87 | ul. Filtrowa 6+B7:B928                        |              68 |            NULL | No especifica | 33192         | Seattle         | WA            | USA         |
     |      88 | Via Ludovico il Moro 22                       |              22 |            NULL | No especifica | 82459         | Bergamo         | No especifica | Italy       |
     |      89 | Via Monte Bianco 34                           |              34 |            NULL | No especifica | 87116         | Torino          | No especifica | Italy       |
     |      90 | Vinbltet 34                                   |              34 |            NULL | No especifica | 59536         | Kobenhavn       | No especifica | Denmark     |
     |      91 | Walserweg 21                                  |              21 |            NULL | No especifica | 20796         | Aachen          | No especifica | Germany     |
+--------------+-----------------------------------------------+-----------------+-----------------+---------------+---------------+-----------------+---------------+-------------+-------+
91 rows in set (0.0013 sec)
 MySQL  localhost:3306 ssl  hospital  SQL > desc formas_pago;
+---------------+-------------+------+-----+---------+----------------+
| Field         | Type        | Null | Key | Default | Extra          |
+---------------+-------------+------+-----+---------+----------------+
| FORMA_PAGO_ID | int         | NO   | PRI | NULL    | auto_increment |
| FORMA_PAGO    | varchar(50) | NO   |     | NULL    |                |
+---------------+-------------+------+-----+---------+----------------+
2 rows in set (0.0016 sec)
 MySQL  localhost:3306 ssl  hospital  SQL > LOAD DATA INFILE 'C:/ProgramData/MySQL/MySQL Server 8.0/Uploads/tablasHospital.xlsx - formas_pago.csv' INTO TABLE formas_pago FIELDS TERMINATED BY ',' ENCLOSED BY '"' LINES TERMINATED BY '\n' ignore 1 rows (FORMA_PAGO_ID, FORMA_PAGO);
Query OK, 6 rows affected (0.0048 sec)

Records: 6  Deleted: 0  Skipped: 0  Warnings: 0
 MySQL  localhost:3306 ssl  hospital  SQL > select * from formas_pago;
+---------------+-----------------+
| FORMA_PAGO_ID | FORMA_PAGO      |
+---------------+-----------------+
       |      1 | EFECTIVO
 |            2 | TARJETA CRÉDITO
 |            3 | TARJETA DEBITO
         |    4 | SEGURO
         |    5 | CHEQUE
|             6 | NO REGISTRADA   |
+---------------+-----------------+
6 rows in set (0.0007 sec)
 MySQL  localhost:3306 ssl  hospital  SQL > desc formas_pago_pacientes;
+-------------------+-------------+------+-----+---------+----------------+
| Field             | Type        | Null | Key | Default | Extra          |
+-------------------+-------------+------+-----+---------+----------------+
| FORMA_PAGO_PAC_ID | int         | NO   | PRI | NULL    | auto_increment |
| PACIENTE_ID       | int         | YES  | MUL | NULL    |                |
| FORMA_PAGO_ID     | int         | YES  | MUL | NULL    |                |
| DETALLES          | varchar(50) | YES  |     | NULL    |                |
+-------------------+-------------+------+-----+---------+----------------+
4 rows in set (0.0024 sec)
 MySQL  localhost:3306 ssl  hospital  SQL > LOAD DATA INFILE 'C:/ProgramData/MySQL/MySQL Server 8.0/Uploads/tablasHospital.xlsx - formas_pago_pacientes.csv' INTO TABLE formas_pago_pacientes FIELDS TERMINATED BY ',' ENCLOSED BY '"' LINES TERMINATED BY '\n' ignore 1 rows (FORMA_PAGO_PAC_ID, PACIENTE_ID, FORMA_PAGO_ID, DETALLES);
ERROR: 1261 (01000): Row 58 doesn't contain data for all columns
 MySQL  localhost:3306 ssl  hospital  SQL > LOAD DATA INFILE 'C:/ProgramData/MySQL/MySQL Server 8.0/Uploads/tablasHospital.xlsx - formas_pago_pacientes.csv' INTO TABLE formas_pago_pacientes FIELDS TERMINATED BY ',' ENCLOSED BY '"' LINES TERMINATED BY '\n' ignore 1 rows (FORMA_PAGO_PAC_ID, PACIENTE_ID, FORMA_PAGO_ID, DETALLES);
Query OK, 58 rows affected (0.0081 sec)

Records: 58  Deleted: 0  Skipped: 0  Warnings: 0
 MySQL  localhost:3306 ssl  hospital  SQL > select * from formas_pago_pacientes;
+-------------------+-------------+---------------+----------+
| FORMA_PAGO_PAC_ID | PACIENTE_ID | FORMA_PAGO_ID | DETALLES |
+-------------------+-------------+---------------+----------+
        |         1 |           1 |             6 |
        |         2 |           2 |             6 |
        |         3 |           3 |             1 |
        |         4 |           4 |             2 |
        |         5 |           5 |             3 |
        |         6 |           6 |             4 |
        |         7 |           7 |             5 |
        |         8 |           8 |             1 |
        |         9 |           9 |             2 |
        |        10 |          10 |             3 |
        |        11 |          11 |             4 |
        |        12 |          12 |             5 |
        |        13 |          13 |             6 |
        |        14 |          14 |             6 |
        |        15 |          15 |             6 |
        |        16 |          16 |             6 |
        |        17 |          17 |             1 |
        |        18 |          18 |             2 |
        |        19 |          19 |             3 |
        |        20 |          20 |             4 |
        |        21 |          21 |             5 |
        |        22 |          22 |             6 |
        |        23 |          23 |             6 |
        |        24 |          24 |             6 |
        |        25 |          25 |             6 |
        |        26 |          26 |             1 |
        |        27 |          27 |             2 |
        |        28 |          28 |             3 |
        |        29 |          29 |             4 |
        |        30 |          30 |             5 |
        |        31 |          31 |             6 |
        |        32 |          32 |             6 |
        |        33 |          33 |             6 |
        |        34 |          34 |             6 |
        |        35 |          35 |             6 |
        |        36 |          36 |             6 |
        |        37 |          37 |             1 |
        |        38 |          38 |             2 |
        |        39 |          39 |             3 |
        |        40 |          40 |             4 |
        |        41 |          41 |             5 |
        |        42 |          42 |             6 |
        |        43 |          43 |             6 |
        |        44 |          44 |             6 |
        |        45 |          45 |             6 |
        |        46 |          46 |             1 |
        |        47 |          47 |             2 |
        |        48 |          48 |             3 |
        |        49 |          49 |             4 |
        |        50 |          50 |             5 |
        |        51 |          51 |             6 |
        |        52 |          52 |             6 |
        |        53 |          53 |             1 |
        |        54 |          54 |             2 |
        |        55 |          55 |             3 |
        |        56 |          56 |             4 |
        |        57 |          57 |             5 |
        |        58 |          58 |             6 |
+-------------------+-------------+---------------+----------+
58 rows in set (0.0011 sec)
 MySQL  localhost:3306 ssl  hospital  SQL > desc cuentas_pacientes;
+----------------------+-------------+------+-----+---------+----------------+
| Field                | Type        | Null | Key | Default | Extra          |
+----------------------+-------------+------+-----+---------+----------------+
| CUENTAS_PACIENTES_ID | int         | NO   | PRI | NULL    | auto_increment |
| PACIENTE_ID          | int         | YES  | MUL | NULL    |                |
| FORMA_PAGO_PAC_ID    | int         | YES  | MUL | NULL    |                |
| FECHA_EMISION        | date        | NO   |     | NULL    |                |
| OTROS                | varchar(50) | YES  |     | NULL    |                |
+----------------------+-------------+------+-----+---------+----------------+
5 rows in set (0.0027 sec)
 MySQL  localhost:3306 ssl  hospital  SQL > LOAD DATA INFILE 'C:/ProgramData/MySQL/MySQL Server 8.0/Uploads/tablasHospital.xlsx - cuentas_pacientes.csv' INTO TABLE cuentas_pacientes FIELDS TERMINATED BY ',' ENCLOSED BY '"' LINES TERMINATED BY '\n' ignore 1 rows (CUENTAS_PACIENTES_ID, PACIENTE_ID, FORMA_PAGO_PAC_ID, FECHA_EMISION, OTROS);
ERROR: 1261 (01000): Row 58 doesn't contain data for all columns
 MySQL  localhost:3306 ssl  hospital  SQL > LOAD DATA INFILE 'C:/ProgramData/MySQL/MySQL Server 8.0/Uploads/tablasHospital.xlsx - cuentas_pacientes.csv' INTO TABLE cuentas_pacientes FIELDS TERMINATED BY ',' ENCLOSED BY '"' LINES TERMINATED BY '\n' ignore 1 rows (CUENTAS_PACIENTES_ID, PACIENTE_ID, FORMA_PAGO_PAC_ID, FECHA_EMISION, OTROS);
Query OK, 58 rows affected (0.0040 sec)

Records: 58  Deleted: 0  Skipped: 0  Warnings: 0
 MySQL  localhost:3306 ssl  hospital  SQL > select * from LOAD DATA INFILE 'C:/ProgramData/MySQL/MySQL Server 8.0/Uploads/tablasHospital.xlsx - cuentas_pacientes.csv' INTO TABLE cuentas_pacientes FIELDS TERMINATED BY ',' ENCLOSED BY '"' LINES TERMINATED BY '\n' ignore 1 rows (CUENTAS_PACIENTES_ID, PACIENTE_ID, FORMA_PAGO_PAC_ID, FECHA_EMISION, OTROS);^C
 MySQL  localhost:3306 ssl  hospital  SQL > select * from cuentas_pacientes;
+----------------------+-------------+-------------------+---------------+-------+
| CUENTAS_PACIENTES_ID | PACIENTE_ID | FORMA_PAGO_PAC_ID | FECHA_EMISION | OTROS |
+----------------------+-------------+-------------------+---------------+-------+
     |               1 |           1 |                 1 | 2017-04-20    |
     |               2 |           2 |                 2 | 2017-04-17    |
     |               3 |           3 |                 3 | 2017-04-20    |
     |               4 |           4 |                 4 | 2017-04-22    |
     |               5 |           5 |                 5 | 2017-04-21    |
     |               6 |           6 |                 6 | 2017-04-18    |
     |               7 |           7 |                 7 | 2017-04-24    |
     |               8 |           8 |                 8 | 2017-04-27    |
     |               9 |           9 |                 9 | 2017-04-28    |
     |              10 |          10 |                10 | 2017-04-27    |
     |              11 |          11 |                11 | 2017-04-28    |
     |              12 |          12 |                12 | 2017-04-28    |
     |              13 |          13 |                13 | 2017-04-29    |
     |              14 |          14 |                14 | 2017-04-26    |
     |              15 |          15 |                15 | 2017-05-05    |
     |              16 |          16 |                16 | 2017-05-02    |
     |              17 |          17 |                17 | 2017-05-01    |
     |              18 |          18 |                18 | 2017-05-12    |
     |              19 |          19 |                19 | 2017-05-03    |
     |              20 |          20 |                20 | 2017-05-09    |
     |              21 |          21 |                21 | 2017-05-08    |
     |              22 |          22 |                22 | 2017-05-14    |
     |              23 |          23 |                23 | 2017-05-12    |
     |              24 |          24 |                24 | 2017-05-05    |
     |              25 |          25 |                25 | 2017-05-19    |
     |              26 |          26 |                26 | 2017-05-14    |
     |              27 |          27 |                27 | 2017-05-12    |
     |              28 |          28 |                28 | 2017-05-15    |
     |              29 |          29 |                29 | 2017-05-13    |
     |              30 |          30 |                30 | 2017-05-18    |
     |              31 |          31 |                31 | 2017-05-20    |
     |              32 |          32 |                32 | 2017-05-26    |
     |              33 |          33 |                33 | 2017-05-22    |
     |              34 |          34 |                34 | 2017-05-21    |
     |              35 |          35 |                35 | 2017-05-16    |
     |              36 |          36 |                36 | 2017-05-20    |
     |              37 |          37 |                37 | 2017-05-27    |
     |              38 |          38 |                38 | 2017-05-21    |
     |              39 |          39 |                39 | 2017-05-26    |
     |              40 |          40 |                40 | 2017-05-31    |
     |              41 |          41 |                41 | 2017-05-31    |
     |              42 |          42 |                42 | 2017-06-01    |
     |              43 |          43 |                43 | 2017-05-27    |
     |              44 |          44 |                44 | 2017-06-07    |
     |              45 |          45 |                45 | 2017-06-04    |
     |              46 |          46 |                46 | 2017-06-07    |
     |              47 |          47 |                47 | 2017-05-31    |
     |              48 |          48 |                48 | 2017-06-07    |
     |              49 |          49 |                49 | 2017-05-31    |
     |              50 |          50 |                50 | 2017-06-03    |
     |              51 |          51 |                51 | 2017-06-03    |
     |              52 |          52 |                52 | 2017-06-10    |
     |              53 |          53 |                53 | 2017-06-14    |
     |              54 |          54 |                54 | 2017-06-09    |
     |              55 |          55 |                55 | 2017-06-14    |
     |              56 |          56 |                56 | 2017-06-17    |
     |              57 |          57 |                57 | 2017-06-16    |
     |              58 |          58 |                58 | 2017-06-15    |
+----------------------+-------------+-------------------+---------------+-------+
58 rows in set (0.0005 sec)
 MySQL  localhost:3306 ssl  hospital  SQL > desc cuentas_pacientes_detalles;
ERROR: 1146 (42S02): Table 'hospital.cuentas_pacientes_detalles' doesn't exist
 MySQL  localhost:3306 ssl  hospital  SQL > show tables;
+---------------------------+
| Tables_in_hospital        |
+---------------------------+
| cuartos                   |
| cuentas_pacientes         |
| cuentas_pacientes_detlles |
| direcciones               |
| direcciones_empleados     |
| direcciones_pacientes     |
| empleados                 |
| formas_pago               |
| formas_pago_pacientes     |
| pacientes                 |
| registro_pacientes        |
+---------------------------+
11 rows in set (0.0016 sec)
 MySQL  localhost:3306 ssl  hospital  SQL > desc cuentas_pacientes_detlles;
+--------------------------+-------------+------+-----+-------------------------+-------------------+
| Field                    | Type        | Null | Key | Default                 | Extra             |
+--------------------------+-------------+------+-----+-------------------------+-------------------+
| CUANTAS_PACIENTES_DET_ID | int         | NO   | PRI | NULL                    | auto_increment    |
| CUENTAS_PACIENTES_ID     | int         | YES  | MUL | NULL                    |                   |
| DETALLE                  | varchar(50) | YES  |     | _utf8mb4\'DIAGNOSTICO\' | DEFAULT_GENERATED |
| CANTIDAD                 | double      | NO   |     | NULL                    |                   |
| CSOTO_TOTAL              | double      | NO   |     | NULL                    |                   |
+--------------------------+-------------+------+-----+-------------------------+-------------------+
5 rows in set (0.0016 sec)
 MySQL  localhost:3306 ssl  hospital  SQL > LOAD DATA INFILE 'C:/ProgramData/MySQL/MySQL Server 8.0/Uploads/tablasHospital.xlsx - cuentas_pacientes.csv' INTO TABLE cuentas_pacientes FIELDS TERMINATED BY ',' ENCLOSED BY '"' LINES TERMINATED BY '\n' ignore 1 rows (CUANTAS_PACIENTES_DET_ID, CUENTAS_PACIENTES_ID, DETALLE, CANTIDAD, CSOTO_TOTAL);
ERROR: 1054 (42S22): Unknown column 'CUANTAS_PACIENTES_DET_ID' in 'field list'
 MySQL  localhost:3306 ssl  hospital  SQL > LOAD DATA INFILE 'C:/ProgramData/MySQL/MySQL Server 8.0/Uploads/tablasHospital.xlsx - cuentas_pacientes_detalles.csv' INTO TABLE cuentas_pacientes_detalles FIELDS TERMINATED BY ',' ENCLOSED BY '"' LINES TERMINATED BY '\n' ignore 1 rows (CUANTAS_PACIENTES_DET_ID, CUENTAS_PACIENTES_ID, DETALLE, CANTIDAD, CSOTO_TOTAL);
ERROR: 1146 (42S02): Table 'hospital.cuentas_pacientes_detalles' doesn't exist
 MySQL  localhost:3306 ssl  hospital  SQL > LOAD DATA INFILE 'C:/ProgramData/MySQL/MySQL Server 8.0/Uploads/tablasHospital.xlsx - cuentas_pacientes_detalles.csv' INTO TABLE cuentas_pacientes_detlles FIELDS TERMINATED BY ',' ENCLOSED BY '"' LINES TERMINATED BY '\n' ignore 1 rows (CUANTAS_PACIENTES_DET_ID, CUENTAS_PACIENTES_ID, DETALLE, CANTIDAD, CSOTO_TOTAL);
Query OK, 58 rows affected (0.0053 sec)

Records: 58  Deleted: 0  Skipped: 0  Warnings: 0
 MySQL  localhost:3306 ssl  hospital  SQL > select * from cuentas_pacientes_detlles;
+--------------------------+----------------------+---------+----------+-------------+
| CUANTAS_PACIENTES_DET_ID | CUENTAS_PACIENTES_ID | DETALLE | CANTIDAD | CSOTO_TOTAL |
+--------------------------+----------------------+---------+----------+-------------+
|                        1 |                    1 |         |        6 |      437557 |
|                        2 |                    2 |         |        5 |      420352 |
|                        3 |                    3 |         |        4 |      803455 |
|                        4 |                    4 |         |        6 |      863833 |
|                        5 |                    5 |         |        2 |      835504 |
|                        6 |                    6 |         |        4 |      845256 |
|                        7 |                    7 |         |        3 |      553474 |
|                        8 |                    8 |         |        3 |     1299575 |
|                        9 |                    9 |         |        2 |     1144618 |
|                       10 |                   10 |         |        2 |     1033289 |
|                       11 |                   11 |         |        5 |      775124 |
|                       12 |                   12 |         |        5 |      666403 |
|                       13 |                   13 |         |        4 |      527460 |
|                       14 |                   14 |         |        6 |      528996 |
|                       15 |                   15 |         |        3 |      909453 |
|                       16 |                   16 |         |        3 |      555734 |
|                       17 |                   17 |         |        4 |     1318496 |
|                       18 |                   18 |         |        5 |      903422 |
|                       19 |                   19 |         |        3 |      584977 |
|                       20 |                   20 |         |        4 |      968731 |
|                       21 |                   21 |         |        2 |      932764 |
|                       22 |                   22 |         |        5 |     1254654 |
|                       23 |                   23 |         |        6 |     1536903 |
|                       24 |                   24 |         |        3 |      422753 |
|                       25 |                   25 |         |        4 |      942310 |
|                       26 |                   26 |         |        3 |      805018 |
|                       27 |                   27 |         |        6 |      405645 |
|                       28 |                   28 |         |        6 |      951084 |
|                       29 |                   29 |         |        6 |      265126 |
|                       30 |                   30 |         |        3 |     1113848 |
|                       31 |                   31 |         |        4 |      824572 |
|                       32 |                   32 |         |        4 |      844650 |
|                       33 |                   33 |         |        4 |     1140223 |
|                       34 |                   34 |         |        4 |     1038846 |
|                       35 |                   35 |         |        2 |      833046 |
|                       36 |                   36 |         |        6 |      909805 |
|                       37 |                   37 |         |        3 |     1000135 |
|                       38 |                   38 |         |        4 |      431209 |
|                       39 |                   39 |         |        6 |      513181 |
|                       40 |                   40 |         |        5 |      593033 |
|                       41 |                   41 |         |        4 |      941333 |
|                       42 |                   42 |         |        4 |     1185991 |
|                       43 |                   43 |         |        4 |      392658 |
|                       44 |                   44 |         |        5 |      441482 |
|                       45 |                   45 |         |        3 |      605941 |
|                       46 |                   46 |         |        4 |     1404520 |
|                       47 |                   47 |         |        5 |      929980 |
|                       48 |                   48 |         |        4 |      228805 |
|                       49 |                   49 |         |        2 |      863760 |
|                       50 |                   50 |         |        2 |     1170219 |
|                       51 |                   51 |         |        4 |      224462 |
|                       52 |                   52 |         |        4 |      680019 |
|                       53 |                   53 |         |        5 |     1351265 |
|                       54 |                   54 |         |        4 |      813048 |
|                       55 |                   55 |         |        6 |      695843 |
|                       56 |                   56 |         |        4 |      431025 |
|                       57 |                   57 |         |        6 |      906084 |
|                       58 |                   58 |         |        5 |      831506 |
+--------------------------+----------------------+---------+----------+-------------+
58 rows in set (0.0007 sec)
 MySQL  localhost:3306 ssl  hospital  SQL > desc registro_pacientes;
+--------------------------+--------------+------+-----+---------+----------------+
| Field                    | Type         | Null | Key | Default | Extra          |
+--------------------------+--------------+------+-----+---------+----------------+
| REGISTRO_PACIENTE        | int          | NO   | PRI | NULL    | auto_increment |
| PACIENTE_ID              | int          | YES  | MUL | NULL    |                |
| CUENTAS_PACIENTES_ID     | int          | YES  | MUL | NULL    |                |
| REGISTRO_POR_EMPLEADO_ID | int          | YES  | MUL | NULL    |                |
| FECHA_ADMISION           | date         | NO   |     | NULL    |                |
| CONDICION_MEDICA         | varchar(100) | NO   |     | NULL    |                |
| OTROS                    | varchar(50)  | YES  |     | NULL    |                |
+--------------------------+--------------+------+-----+---------+----------------+
7 rows in set (0.0018 sec)
 MySQL  localhost:3306 ssl  hospital  SQL > LOAD DATA INFILE 'C:/ProgramData/MySQL/MySQL Server 8.0/Uploads/tablasHospital.xlsx - registro_pacientes.csv' INTO TABLE registro_pacientes FIELDS TERMINATED BY ',' ENCLOSED BY '"' LINES TERMINATED BY '\n' ignore 1 rows (REGISTRO_PACIENTE, PACIENTE_ID, CUENTAS_PACIENTES_ID, REGISTRO_POR_EMPLEADO_ID, FECHA_ADMISION, CONDICION_MEDICA, OTROS);
ERROR: 1261 (01000): Row 58 doesn't contain data for all columns
 MySQL  localhost:3306 ssl  hospital  SQL > LOAD DATA INFILE 'C:/ProgramData/MySQL/MySQL Server 8.0/Uploads/tablasHospital.xlsx - registro_pacientes.csv' INTO TABLE registro_pacientes FIELDS TERMINATED BY ',' ENCLOSED BY '"' LINES TERMINATED BY '\n' ignore 1 rows (REGISTRO_PACIENTE, PACIENTE_ID, CUENTAS_PACIENTES_ID, REGISTRO_POR_EMPLEADO_ID, FECHA_ADMISION, CONDICION_MEDICA, OTROS);
Query OK, 58 rows affected (0.0047 sec)

Records: 58  Deleted: 0  Skipped: 0  Warnings: 0
 MySQL  localhost:3306 ssl  hospital  SQL > select * from registro_pacientes;
+-------------------+-------------+----------------------+--------------------------+----------------+-------------------------------------------------------------------------------------------+-------+
| REGISTRO_PACIENTE | PACIENTE_ID | CUENTAS_PACIENTES_ID | REGISTRO_POR_EMPLEADO_ID | FECHA_ADMISION | CONDICION_MEDICA                                                                          | OTROS |
+-------------------+-------------+----------------------+--------------------------+----------------+-------------------------------------------------------------------------------------------+-------+
     |            1 |           1 |                    1 |                        1 | 2017-04-08     | Abdominal Aortic Aneurysm                                                                 |
     |            2 |           2 |                    2 |                        2 | 2017-04-09     | Abdominal Cramps (Heat Cramps)                                                            |
     |            3 |           3 |                    3 |                        3 | 2017-04-10     | Abdominal Hernia (Hernia Overview)                                                        |
     |            4 |           4 |                    4 |                        4 | 2017-04-12     | Bacterial Vaginosis (Causes, Symptoms, Treatment)                                         |
     |            5 |           5 |                    5 |                        5 | 2017-04-12     | Bad Breath                                                                                |
     |            6 |           6 |                    6 |                        6 | 2017-04-14     | Bad Cholesterol Test (Cholesterol Test)                                                   |
     |            7 |           7 |                    7 |                        7 | 2017-04-15     | Baker Cyst                                                                                |
     |            8 |           8 |                    8 |                        8 | 2017-04-15     | Farting (Intestinal Gas (Belching, Bloating, Flatulence))                                 |
     |            9 |           9 |                    9 |                        9 | 2017-04-16     | Fast Heart Beat (Palpitations Overview)                                                   |
     |           10 |          10 |                   10 |                       10 | 2017-04-17     | Fatigue                                                                                   |
     |           11 |          11 |                   11 |                       11 | 2017-04-18     | Fatigue From Cancer (Cancer Fatigue                                                       |
     |           12 |          12 |                   12 |                       12 | 2017-04-19     | Lambliasis (Giardia Lamblia)                                                              |
     |           13 |          13 |                   13 |                       13 | 2017-04-20     | Lambliosis (Giardia Lamblia)                                                              |
     |           14 |          14 |                   14 |                       14 | 2017-04-22     | Landau-Kleffner Syndrome                                                                  |
     |           15 |          15 |                   15 |                       15 | 2017-04-22     | Lap Band Surgery (Gastric Banding)                                                        |
     |           16 |          16 |                   16 |                       16 | 2017-04-24     | Laparoscopic Liver Biopsy (Liver Biopsy)                                                  |
     |           17 |          17 |                   17 |                       17 | 2017-04-24     | Omega-3 Fatty Acids                                                                       |
     |           18 |          18 |                   18 |                       18 | 2017-04-25     | Onchocerciasis                                                                            |
     |           19 |          19 |                   19 |                       19 | 2017-04-27     | Onychocryptosis (Ingrown Toenail)                                                         |
     |           20 |          20 |                   20 |                       20 | 2017-04-28     | Scarlatina)                                                                               |
     |           21 |          21 |                   21 |                       21 | 2017-04-28     | Scars                                                                                     |
     |           22 |          22 |                   22 |                       22 | 2017-04-30     | Schatzki Ring                                                                             |
     |           23 |          23 |                   23 |                       23 | 2017-05-01     | Scheuermann's Kyphosis (Kyphosis)                                                         |
     |           24 |          24 |                   24 |                       24 | 2017-05-01     | Schistosoma guineensis (Schistosomiasis)                                                  |
     |           25 |          25 |                   25 |                       25 | 2017-05-02     | Schistosoma haematobium (Schistosomiasis)                                                 |
     |           26 |          26 |                   26 |                       26 | 2017-05-04     | Schistosoma japonicum (Schistosomiasis)                                                   |
     |           27 |          27 |                   27 |                       27 | 2017-05-04     | Tachycardia (Heart Rhythm Disorders)                                                      |
     |           28 |          28 |                   28 |                       28 | 2017-05-06     | Tachycardia, Paroxysmal Atrial (Paroxysmal Supraventricular Tachycardia (PSVT))           |
     |           29 |          29 |                   29 |                       29 | 2017-05-07     | Tachycardia, Paroxysmal Supraventricular (Paroxysmal Supraventricular Tachycardia (PSVT)) |
     |           30 |          30 |                   30 |                       30 | 2017-05-07     | Tailbone Pain (Coccydynia)                                                                |
     |           31 |          31 |                   31 |                        1 | 2017-05-09     | Tailor's Bunion (Bunions)                                                                 |
     |           32 |          32 |                   32 |                        2 | 2017-05-10     | Takayasu Arteritis (Takayasu Disease)                                                     |
     |           33 |          33 |                   33 |                        3 | 2017-05-10     | Takayasu Disease                                                                          |
     |           34 |          34 |                   34 |                        4 | 2017-05-11     | Taking Dental Medications                                                                 |
     |           35 |          35 |                   35 |                        5 | 2017-05-13     | Tarry Stools (Stool Color Changes)                                                        |
     |           36 |          36 |                   36 |                        6 | 2017-05-14     | Abdominal Aortic Aneurysm                                                                 |
     |           37 |          37 |                   37 |                        7 | 2017-05-14     | Abdominal Cramps (Heat Cramps)                                                            |
     |           38 |          38 |                   38 |                        8 | 2017-05-15     | Abdominal Hernia (Hernia Overview)                                                        |
     |           39 |          39 |                   39 |                        9 | 2017-05-16     | Bacterial Vaginosis (Causes, Symptoms, Treatment)                                         |
     |           40 |          40 |                   40 |                       10 | 2017-05-18     | Bad Breath                                                                                |
     |           41 |          41 |                   41 |                       11 | 2017-05-18     | Bad Cholesterol Test (Cholesterol Test)                                                   |
     |           42 |          42 |                   42 |                       12 | 2017-05-20     | Baker Cyst                                                                                |
     |           43 |          43 |                   43 |                       13 | 2017-05-21     | Farting (Intestinal Gas (Belching, Bloating, Flatulence))                                 |
     |           44 |          44 |                   44 |                       14 | 2017-05-22     | Fast Heart Beat (Palpitations Overview)                                                   |
     |           45 |          45 |                   45 |                       15 | 2017-05-23     | Fatigue                                                                                   |
     |           46 |          46 |                   46 |                       16 | 2017-05-23     | Fatigue From Cancer (Cancer Fatigue                                                       |
     |           47 |          47 |                   47 |                       17 | 2017-05-25     | Lambliasis (Giardia Lamblia)                                                              |
     |           48 |          48 |                   48 |                       18 | 2017-05-25     | Lambliosis (Giardia Lamblia)                                                              |
     |           49 |          49 |                   49 |                       19 | 2017-05-27     | Landau-Kleffner Syndrome                                                                  |
     |           50 |          50 |                   50 |                       20 | 2017-05-28     | Lap Band Surgery (Gastric Banding)                                                        |
     |           51 |          51 |                   51 |                       21 | 2017-05-29     | Laparoscopic Liver Biopsy (Liver Biopsy)                                                  |
     |           52 |          52 |                   52 |                       22 | 2017-05-29     | Omega-3 Fatty Acids                                                                       |
     |           53 |          53 |                   53 |                       23 | 2017-05-31     | Onchocerciasis                                                                            |
     |           54 |          54 |                   54 |                       24 | 2017-05-31     | Onychocryptosis (Ingrown Toenail)                                                         |
     |           55 |          55 |                   55 |                       25 | 2017-06-01     | Scarlatina)                                                                               |
     |           56 |          56 |                   56 |                       26 | 2017-06-02     | Scars                                                                                     |
     |           57 |          57 |                   57 |                       27 | 2017-06-04     | Schatzki Ring                                                                             |
     |           58 |          58 |                   58 |                       28 | 2017-06-05     | Scheuermann's Kyphosis (Kyphosis)                                                         |
+-------------------+-------------+----------------------+--------------------------+----------------+-------------------------------------------------------------------------------------------+-------+
58 rows in set (0.0006 sec)
 MySQL  localhost:3306 ssl  hospital  SQL > desc direcciones_empleados;
+-----------------------+------+------+-----+---------+----------------+
| Field                 | Type | Null | Key | Default | Extra          |
+-----------------------+------+------+-----+---------+----------------+
| DIRECCION_EMPLEDOS_ID | int  | NO   | PRI | NULL    | auto_increment |
| EMPLEADOS_ID          | int  | YES  | MUL | NULL    |                |
| DIRECCION_ID          | int  | YES  | MUL | NULL    |                |
+-----------------------+------+------+-----+---------+----------------+
3 rows in set (0.0027 sec)
 MySQL  localhost:3306 ssl  hospital  SQL > LOAD DATA INFILE 'C:/ProgramData/MySQL/MySQL Server 8.0/Uploads/tablasHospital.xlsx - direcciones_empleados.csv' INTO TABLE direcciones_empleados FIELDS TERMINATED BY ',' ENCLOSED BY '"' LINES TERMINATED BY '\n' ignore 1 rows (DIRECCION_EMPLEDOS_ID, EMPLEADOS_ID, DIRECCION_ID);
Query OK, 30 rows affected (0.0056 sec)

Records: 30  Deleted: 0  Skipped: 0  Warnings: 0
 MySQL  localhost:3306 ssl  hospital  SQL > select * from direcciones_empleados;
+-----------------------+--------------+--------------+
| DIRECCION_EMPLEDOS_ID | EMPLEADOS_ID | DIRECCION_ID |
+-----------------------+--------------+--------------+
|                     1 |            1 |           58 |
|                     2 |            2 |           54 |
|                     3 |            3 |           76 |
|                     4 |            4 |           32 |
|                     5 |            5 |           85 |
|                     6 |            6 |           35 |
|                     7 |            7 |           15 |
|                     8 |            8 |           84 |
|                     9 |            9 |           34 |
|                    10 |           10 |           60 |
|                    11 |           11 |           59 |
|                    12 |           12 |           53 |
|                    13 |           13 |            6 |
|                    14 |           14 |           30 |
|                    15 |           15 |           90 |
|                    16 |           16 |           11 |
|                    17 |           17 |           74 |
|                    18 |           18 |           44 |
|                    19 |           19 |           29 |
|                    20 |           20 |           21 |
|                    21 |           21 |           68 |
|                    22 |           22 |           38 |
|                    23 |           23 |           37 |
|                    24 |           24 |           25 |
|                    25 |           25 |           82 |
|                    26 |           26 |            8 |
|                    27 |           27 |           22 |
|                    28 |           28 |           31 |
|                    29 |           29 |           86 |
|                    30 |           30 |           77 |
+-----------------------+--------------+--------------+
30 rows in set (0.0008 sec)
 MySQL  localhost:3306 ssl  hospital  SQL > desc direcciones_pacientes;
+-----------------------+------+------+-----+---------+----------------+
| Field                 | Type | Null | Key | Default | Extra          |
+-----------------------+------+------+-----+---------+----------------+
| DIRECCION_PACIENTE_ID | int  | NO   | PRI | NULL    | auto_increment |
| PACIENTE_ID           | int  | YES  | MUL | NULL    |                |
| DIRECCION_ID          | int  | YES  | MUL | NULL    |                |
+-----------------------+------+------+-----+---------+----------------+
3 rows in set (0.0025 sec)
 MySQL  localhost:3306 ssl  hospital  SQL > LOAD DATA INFILE 'C:/ProgramData/MySQL/MySQL Server 8.0/Uploads/tablasHospital.xlsx - direcciones_pacientes.csv' INTO TABLE direcciones_pacientes FIELDS TERMINATED BY ',' ENCLOSED BY '"' LINES TERMINATED BY '\n' ignore 1 rows (DIRECCION_PACIENTE_ID, PACIENTE_ID, DIRECCION_ID);
Query OK, 58 rows affected (0.0072 sec)

Records: 58  Deleted: 0  Skipped: 0  Warnings: 0
 MySQL  localhost:3306 ssl  hospital  SQL > select * from direcciones_pacientes;
+-----------------------+-------------+--------------+
| DIRECCION_PACIENTE_ID | PACIENTE_ID | DIRECCION_ID |
+-----------------------+-------------+--------------+
|                     1 |           1 |           73 |
|                     2 |           2 |           39 |
|                     3 |           3 |           70 |
|                     4 |           4 |            4 |
|                     5 |           5 |           41 |
|                     6 |           6 |           56 |
|                     7 |           7 |           10 |
|                     8 |           8 |           45 |
|                     9 |           9 |            3 |
|                    10 |          10 |            9 |
|                    11 |          11 |           55 |
|                    12 |          12 |           51 |
|                    13 |          13 |           82 |
|                    14 |          14 |           61 |
|                    15 |          15 |           36 |
|                    16 |          16 |           42 |
|                    17 |          17 |           91 |
|                    18 |          18 |           24 |
|                    19 |          19 |           17 |
|                    20 |          20 |           67 |
|                    21 |          21 |           79 |
|                    22 |          22 |           46 |
|                    23 |          23 |            5 |
|                    24 |          24 |           65 |
|                    25 |          25 |           43 |
|                    26 |          26 |           20 |
|                    27 |          27 |           89 |
|                    28 |          28 |           64 |
|                    29 |          29 |           75 |
|                    30 |          30 |           47 |
|                    31 |          31 |           33 |
|                    32 |          32 |           13 |
|                    33 |          33 |           19 |
|                    34 |          34 |           78 |
|                    35 |          35 |           49 |
|                    36 |          36 |           52 |
|                    37 |          37 |           26 |
|                    38 |          38 |           57 |
|                    39 |          39 |           71 |
|                    40 |          40 |           23 |
|                    41 |          41 |            1 |
|                    42 |          42 |            7 |
|                    43 |          43 |            2 |
|                    44 |          44 |           69 |
|                    45 |          45 |           27 |
|                    46 |          46 |           50 |
|                    47 |          47 |           40 |
|                    48 |          48 |           28 |
|                    49 |          49 |           88 |
|                    50 |          50 |           80 |
|                    51 |          51 |           18 |
|                    52 |          52 |           62 |
|                    53 |          53 |           83 |
|                    54 |          54 |           63 |
|                    55 |          55 |           14 |
|                    56 |          56 |           72 |
|                    57 |          57 |           12 |
|                    58 |          58 |           48 |
+-----------------------+-------------+--------------+
58 rows in set (0.0007 sec)
 MySQL  localhost:3306 ssl  hospital  SQL >